// Jest Snapshot v1, https://goo.gl/fbAQLP

exports[`TaskList matches snapshot 1`] = `
<DocumentFragment>
  <div>
    <div
      class="flex justify-between mb-4"
    >
      <input
        class="shadow appearance-none border rounded py-2 px-3 text-gray-700 leading-tight focus:outline-none focus:shadow-outline"
        placeholder="Search tasks"
        type="text"
        value=""
      />
      <select
        class="shadow appearance-none border rounded py-2 px-3 text-gray-700 leading-tight focus:outline-none focus:shadow-outline"
      >
        <option
          value="All"
        >
          All
        </option>
        <option
          value="Pending"
        >
          Pending
        </option>
        <option
          value="In Progress"
        >
          In Progress
        </option>
        <option
          value="Completed"
        >
          Completed
        </option>
      </select>
    </div>
    <div
      data-rbd-droppable-context-id="4"
      data-rbd-droppable-id="taskList"
    >
      <div
        aria-describedby="rbd-hidden-text-4-hidden-text-20"
        data-rbd-drag-handle-context-id="4"
        data-rbd-drag-handle-draggable-id="1"
        data-rbd-draggable-context-id="4"
        data-rbd-draggable-id="1"
        draggable="false"
        role="button"
        tabindex="0"
      >
        <div
          class="bg-white shadow-md rounded p-4 mb-4 cursor-pointer flex justify-between items-center"
        >
          <div>
            <h3
              class="text-lg font-bold truncate w-full"
            >
              Task One
            </h3>
            <p
              class="truncate w-full text-sm"
            />
            <p
              class="text-sm "
            >
              Due: 2024-12-01
            </p>
          </div>
          <span
            class="text-white text-xs font-semibold px-2 py-1 rounded bg-yellow-500"
          >
            Pending
          </span>
        </div>
      </div>
      <div
        aria-describedby="rbd-hidden-text-4-hidden-text-20"
        data-rbd-drag-handle-context-id="4"
        data-rbd-drag-handle-draggable-id="2"
        data-rbd-draggable-context-id="4"
        data-rbd-draggable-id="2"
        draggable="false"
        role="button"
        tabindex="0"
      >
        <div
          class="bg-white shadow-md rounded p-4 mb-4 cursor-pointer flex justify-between items-center"
        >
          <div>
            <h3
              class="text-lg font-bold truncate w-full"
            >
              Task Two
            </h3>
            <p
              class="truncate w-full text-sm"
            />
            <p
              class="text-sm "
            >
              Due: 2024-12-02
            </p>
          </div>
          <span
            class="text-white text-xs font-semibold px-2 py-1 rounded bg-green-500"
          >
            Completed
          </span>
        </div>
      </div>
      <div
        aria-describedby="rbd-hidden-text-4-hidden-text-20"
        data-rbd-drag-handle-context-id="4"
        data-rbd-drag-handle-draggable-id="3"
        data-rbd-draggable-context-id="4"
        data-rbd-draggable-id="3"
        draggable="false"
        role="button"
        tabindex="0"
      >
        <div
          class="bg-white shadow-md rounded p-4 mb-4 cursor-pointer flex justify-between items-center"
        >
          <div>
            <h3
              class="text-lg font-bold truncate w-full"
            >
              Another Task
            </h3>
            <p
              class="truncate w-full text-sm"
            />
            <p
              class="text-sm "
            >
              Due: 2024-12-03
            </p>
          </div>
          <span
            class="text-white text-xs font-semibold px-2 py-1 rounded bg-blue-500"
          >
            In Progress
          </span>
        </div>
      </div>
    </div>
  </div>
</DocumentFragment>
`;
