// Jest Snapshot v1, https://goo.gl/fbAQLP

exports[`TaskItem matches snapshot 1`] = `
<DocumentFragment>
  <div
    class="bg-white shadow-md rounded p-4 mb-4 cursor-pointer flex justify-between items-center"
  >
    <div>
      <h3
        class="text-lg font-bold truncate w-full"
      >
        Test Task
      </h3>
      <p
        class="truncate w-full text-sm"
      >
        Test Description
      </p>
      <p
        class="text-sm text-red-500"
      >
        Due: 2024-11-08
      </p>
    </div>
    <span
      class="text-white text-xs font-semibold px-2 py-1 rounded bg-yellow-500"
    >
      Pending
    </span>
  </div>
</DocumentFragment>
`;
